18:33:15 **** Auto Build of configuration Debug for project complex_prj ****
make pre-build main-build 
a9-linaro-pre-build-step
' '
'Building file: ../src/CanBusTask.c'
'Invoking: ARM v7 gcc compiler'
arm-none-eabi-gcc -Wall -O0 -g3 -c -fmessage-length=0 -MT"src/CanBusTask.o" -mcpu=cortex-a9 -mfpu=vfpv3 -mfloat-abi=hard -I../../complex_prj_bsp/ps7_cortexa9_0/include -MMD -MP -MF"src/CanBusTask.d" -MT"src/CanBusTask.o" -o "src/CanBusTask.o" "../src/CanBusTask.c"
'Finished building: ../src/CanBusTask.c'
' '
'Building file: ../src/ControlTask.c'
'Invoking: ARM v7 gcc compiler'
arm-none-eabi-gcc -Wall -O0 -g3 -c -fmessage-length=0 -MT"src/ControlTask.o" -mcpu=cortex-a9 -mfpu=vfpv3 -mfloat-abi=hard -I../../complex_prj_bsp/ps7_cortexa9_0/include -MMD -MP -MF"src/ControlTask.d" -MT"src/ControlTask.o" -o "src/ControlTask.o" "../src/ControlTask.c"
'Finished building: ../src/ControlTask.c'
' '
'Building file: ../src/RemoteTask.c'
'Invoking: ARM v7 gcc compiler'
arm-none-eabi-gcc -Wall -O0 -g3 -c -fmessage-length=0 -MT"src/RemoteTask.o" -mcpu=cortex-a9 -mfpu=vfpv3 -mfloat-abi=hard -I../../complex_prj_bsp/ps7_cortexa9_0/include -MMD -MP -MF"src/RemoteTask.d" -MT"src/RemoteTask.o" -o "src/RemoteTask.o" "../src/RemoteTask.c"
'Finished building: ../src/RemoteTask.c'
' '
'Building file: ../src/Uart_0.c'
'Invoking: ARM v7 gcc compiler'
arm-none-eabi-gcc -Wall -O0 -g3 -c -fmessage-length=0 -MT"src/Uart_0.o" -mcpu=cortex-a9 -mfpu=vfpv3 -mfloat-abi=hard -I../../complex_prj_bsp/ps7_cortexa9_0/include -MMD -MP -MF"src/Uart_0.d" -MT"src/Uart_0.o" -o "src/Uart_0.o" "../src/Uart_0.c"
'Finished building: ../src/Uart_0.c'
' '
'Building file: ../src/main.c'
'Invoking: ARM v7 gcc compiler'
arm-none-eabi-gcc -Wall -O0 -g3 -c -fmessage-length=0 -MT"src/main.o" -mcpu=cortex-a9 -mfpu=vfpv3 -mfloat-abi=hard -I../../complex_prj_bsp/ps7_cortexa9_0/include -MMD -MP -MF"src/main.d" -MT"src/main.o" -o "src/main.o" "../src/main.c"
'Finished building: ../src/main.c'
' '
'Building file: ../src/pid.c'
'Invoking: ARM v7 gcc compiler'
arm-none-eabi-gcc -Wall -O0 -g3 -c -fmessage-length=0 -MT"src/pid.o" -mcpu=cortex-a9 -mfpu=vfpv3 -mfloat-abi=hard -I../../complex_prj_bsp/ps7_cortexa9_0/include -MMD -MP -MF"src/pid.d" -MT"src/pid.o" -o "src/pid.o" "../src/pid.c"
'Finished building: ../src/pid.c'
' '
'Building file: ../src/scutimer.c'
'Invoking: ARM v7 gcc compiler'
arm-none-eabi-gcc -Wall -O0 -g3 -c -fmessage-length=0 -MT"src/scutimer.o" -mcpu=cortex-a9 -mfpu=vfpv3 -mfloat-abi=hard -I../../complex_prj_bsp/ps7_cortexa9_0/include -MMD -MP -MF"src/scutimer.d" -MT"src/scutimer.o" -o "src/scutimer.o" "../src/scutimer.c"
'Finished building: ../src/scutimer.c'
' '
'Building target: complex_prj.elf'
'Invoking: ARM v7 gcc linker'
arm-none-eabi-gcc -mcpu=cortex-a9 -mfpu=vfpv3 -mfloat-abi=hard -Wl,-build-id=none -specs=Xilinx.spec -Wl,-T -Wl,../src/lscript.ld -L../../complex_prj_bsp/ps7_cortexa9_0/lib -o "complex_prj.elf"  ./src/CanBusTask.o ./src/ControlTask.o ./src/RemoteTask.o ./src/Uart_0.o ./src/main.o ./src/pid.o ./src/scutimer.o   -Wl,--start-group,-lxil,-lgcc,-lc,--end-group
'Finished building target: complex_prj.elf'
' '
'Invoking: ARM v7 Print Size'
arm-none-eabi-size complex_prj.elf  |tee "complex_prj.elf.size"
   text	   data	    bss	    dec	    hex	filename
  98600	   4736	  24252	 127588	  1f264	complex_prj.elf
'Finished building: complex_prj.elf.size'
' '

18:33:17 Build Finished (took 1s.882ms)

