20:52:41 **** Build of configuration Debug for project hello_world_bsp_xcanps_polled_example_3 ****
make pre-build main-build 
a9-linaro-pre-build-step
' '
'Building file: ../src/xcanps_polled_example.c'
'Invoking: ARM v7 gcc compiler'
arm-none-eabi-gcc -Wall -O0 -g3 -c -fmessage-length=0 -MT"src/xcanps_polled_example.o" -mcpu=cortex-a9 -mfpu=vfpv3 -mfloat-abi=hard -I../../hello_world_bsp/ps7_cortexa9_0/include -MMD -MP -MF"src/xcanps_polled_example.d" -MT"src/xcanps_polled_example.o" -o "src/xcanps_polled_example.o" "../src/xcanps_polled_example.c"
'Finished building: ../src/xcanps_polled_example.c'
' '
'Building target: hello_world_bsp_xcanps_polled_example_3.elf'
'Invoking: ARM v7 gcc linker'
arm-none-eabi-gcc -mcpu=cortex-a9 -mfpu=vfpv3 -mfloat-abi=hard -Wl,-build-id=none -specs=Xilinx.spec -Wl,-T -Wl,../src/lscript.ld -L../../hello_world_bsp/ps7_cortexa9_0/lib -o "hello_world_bsp_xcanps_polled_example_3.elf"  ./src/xcanps_polled_example.o   -Wl,--start-group,-lxil,-lgcc,-lc,--end-group
'Finished building target: hello_world_bsp_xcanps_polled_example_3.elf'
' '
'Invoking: ARM v7 Print Size'
arm-none-eabi-size hello_world_bsp_xcanps_polled_example_3.elf  |tee "hello_world_bsp_xcanps_polled_example_3.elf.size"
   text	   data	    bss	    dec	    hex	filename
  30640	   1168	  22884	  54692	   d5a4	hello_world_bsp_xcanps_polled_example_3.elf
'Finished building: hello_world_bsp_xcanps_polled_example_3.elf.size'
' '

20:52:42 Build Finished (took 588ms)

